---
- council_reference: PLP/2019/39/B
  address: 1150 Grevillea Road, WENDOUREE VIC 3355
  description: |-
    S72 Amendment to include "removal of easement" as part of the permit.
    Original permit allows: Development of a second dwelling and two lot subdivision
  info_url: https://eservices.ballarat.vic.gov.au/ePathway/Production/Web/GeneralEnquiry/EnquiryLists.aspx?ModuleCode=LAP
  date_scraped: '2019-05-15'
  date_received: '2021-04-01'
- council_reference: PLP/2020/241
  address: 22 Ascot Street North, BALLARAT CENTRAL VIC 3350
  description: Development of a second dwelling on a lot
  info_url: https://eservices.ballarat.vic.gov.au/ePathway/Production/Web/GeneralEnquiry/EnquiryLists.aspx?ModuleCode=LAP
  date_scraped: '2019-05-15'
  date_received: '2020-04-28'
- council_reference: PLP/2020/725
  address: Lot A Joseph Street, CANADIAN VIC 3350
  description: Staged Development of 35 Dwellings and a Staged 35 Lot Subdivision
  info_url: https://eservices.ballarat.vic.gov.au/ePathway/Production/Web/GeneralEnquiry/EnquiryLists.aspx?ModuleCode=LAP
  date_scraped: '2019-05-15'
  date_received: '2020-11-12'
- council_reference: PLP/2020/83/A
  address: 53 Humffray Street North, BAKERY HILL VIC 3350
  description: Construction and display of an electronic promotion sign and external
    alterations to a commercial building
  info_url: https://eservices.ballarat.vic.gov.au/ePathway/Production/Web/GeneralEnquiry/EnquiryLists.aspx?ModuleCode=LAP
  date_scraped: '2019-05-15'
  date_received: '2021-04-01'
- council_reference: PLP/2020/861
  address: 65 Albert Street, SEBASTOPOL VIC 3356
  description: Three lot subdivision
  info_url: https://eservices.ballarat.vic.gov.au/ePathway/Production/Web/GeneralEnquiry/EnquiryLists.aspx?ModuleCode=LAP
  date_scraped: '2019-05-15'
  date_received: '2020-12-14'
- council_reference: PLP/2021/124
  address: 6 Cuthberts Road, ALFREDTON VIC 3350
  description: Development of a second dwelling
  info_url: https://eservices.ballarat.vic.gov.au/ePathway/Production/Web/GeneralEnquiry/EnquiryLists.aspx?ModuleCode=LAP
  date_scraped: '2019-05-15'
  date_received: '2021-02-25'
- council_reference: PLP/2021/130
  address: 320 Pleasant Street South, NEWINGTON VIC 3350
  description: Use of land for a place of assembly and reduction in car parking requirements
  info_url: https://eservices.ballarat.vic.gov.au/ePathway/Production/Web/GeneralEnquiry/EnquiryLists.aspx?ModuleCode=LAP
  date_scraped: '2019-05-15'
  date_received: '2021-03-09'
- council_reference: PLP/2021/165
  address: 317-319 High Street, LEARMONTH VIC 3352
  description: Two lot subdivision, development of additional dwelling and demolition
    of outbuilding
  info_url: https://eservices.ballarat.vic.gov.au/ePathway/Production/Web/GeneralEnquiry/EnquiryLists.aspx?ModuleCode=LAP
  date_scraped: '2019-05-15'
  date_received: '2021-03-18'
- council_reference: PLP/2021/186
  address: 4/910 Sebastopol Street, BALLARAT CENTRAL VIC 3350
  description: Demolition of an outbuilding and construction of an outbuilding
  info_url: https://eservices.ballarat.vic.gov.au/ePathway/Production/Web/GeneralEnquiry/EnquiryLists.aspx?ModuleCode=LAP
  date_scraped: '2019-05-15'
  date_received: '2021-03-23'
- council_reference: PLP/2021/211
  address: Lot 4 Western Highway, BURRUMBEET VIC 3352
  description: Development of a dwelling
  info_url: https://eservices.ballarat.vic.gov.au/ePathway/Production/Web/GeneralEnquiry/EnquiryLists.aspx?ModuleCode=LAP
  date_scraped: '2019-05-15'
  date_received: '2021-04-04'
- council_reference: PLP/2021/257
  address: Lot 2 Kennedys Road, MINERS REST VIC 3352
  description: Use and development of a dwelling
  info_url: https://eservices.ballarat.vic.gov.au/ePathway/Production/Web/GeneralEnquiry/EnquiryLists.aspx?ModuleCode=LAP
  date_scraped: '2019-05-15'
  date_received: '2021-05-04'
- council_reference: PLP/2021/269
  address: 128 Burnbank Street, LAKE WENDOUREE VIC 3350
  description: Two lot subdivision
  info_url: https://eservices.ballarat.vic.gov.au/ePathway/Production/Web/GeneralEnquiry/EnquiryLists.aspx?ModuleCode=LAP
  date_scraped: '2019-05-15'
  date_received: '2021-04-30'
- council_reference: PLP/2021/274
  address: 405A Sturt Street, BALLARAT CENTRAL VIC 3350
  description: Alterations and additions, including partial demolition of building,
    sale and consumption of liquor (general licence) and a reduction in car parking
    requirements
  info_url: https://eservices.ballarat.vic.gov.au/ePathway/Production/Web/GeneralEnquiry/EnquiryLists.aspx?ModuleCode=LAP
  date_scraped: '2019-05-15'
  date_received: '2021-04-29'
- council_reference: PLP/2021/43
  address: 45 Victoria Street, SEBASTOPOL VIC 3356
  description: Development of two additional dwellings and a three lot subdivision
  info_url: https://eservices.ballarat.vic.gov.au/ePathway/Production/Web/GeneralEnquiry/EnquiryLists.aspx?ModuleCode=LAP
  date_scraped: '2019-05-15'
  date_received: '2021-01-25'
- council_reference: PLP/2021/45
  address: CA 16E Pindari Drive, MOUNT CLEAR VIC 3350
  description: Use and development of a dwelling
  info_url: https://eservices.ballarat.vic.gov.au/ePathway/Production/Web/GeneralEnquiry/EnquiryLists.aspx?ModuleCode=LAP
  date_scraped: '2019-05-15'
  date_received: '2021-01-28'
