---
- council_reference: DA/1351/2020
  address: 70 Pacific Highway, TUGGERAH, NSW
  description: Residential Flat Buildings (34 Units) & Demolition of Existing Structures
  info_url: https://eservices.centralcoast.nsw.gov.au/ePathway/Production/Web/GeneralEnquiry/EnquiryLists.aspx?ModuleCode=LAP
  date_scraped: '2019-05-15'
  date_received: '2021-02-20'
- council_reference: DA/165/2021
  address: 27 Anzac Avenue, WYONG, NSW
  description: Multi Dwelling Housing Comprising of 6 Units, Torrens Title Subdivision
    and Demolition of Existing Structures
  info_url: https://eservices.centralcoast.nsw.gov.au/ePathway/Production/Web/GeneralEnquiry/EnquiryLists.aspx?ModuleCode=LAP
  date_scraped: '2019-05-15'
  date_received: '2021-03-11'
- council_reference: DA/206/2021
  address: 482A The Entrance Road, BATEAU BAY, NSW
  description: Alterations & additions
  info_url: https://eservices.centralcoast.nsw.gov.au/ePathway/Production/Web/GeneralEnquiry/EnquiryLists.aspx?ModuleCode=LAP
  date_scraped: '2019-05-15'
  date_received: '2021-04-14'
- council_reference: DA/2235/2005/G
  address: 1771 MacLeay Drive, HALEKULANI, NSW
  description: Reduction in Total Sites to 128, Permanent Sites & Installation of
    an On-Site Sewer Management System (Amended Application)
  info_url: https://eservices.centralcoast.nsw.gov.au/ePathway/Production/Web/GeneralEnquiry/EnquiryLists.aspx?ModuleCode=LAP
  date_scraped: '2019-05-15'
  date_received: '2021-03-19'
- council_reference: DA/288/2021
  address: 89 Terence Avenue, LAKE MUNMORAH, NSW
  description: Carport
  info_url: https://eservices.centralcoast.nsw.gov.au/ePathway/Production/Web/GeneralEnquiry/EnquiryLists.aspx?ModuleCode=LAP
  date_scraped: '2019-05-15'
  date_received: '2021-04-06'
- council_reference: DA/290/2021
  address: 18 Homestead Road, WADALBA, NSW
  description: Alterations & additions
  info_url: https://eservices.centralcoast.nsw.gov.au/ePathway/Production/Web/GeneralEnquiry/EnquiryLists.aspx?ModuleCode=LAP
  date_scraped: '2019-05-15'
  date_received: '2021-04-21'
- council_reference: DA/336/2021
  address: 78 Lloyd Avenue, CHAIN VALLEY BAY, NSW
  description: Inground Pool
  info_url: https://eservices.centralcoast.nsw.gov.au/ePathway/Production/Web/GeneralEnquiry/EnquiryLists.aspx?ModuleCode=LAP
  date_scraped: '2019-05-15'
  date_received: '2021-04-06'
- council_reference: DA/338/2021
  address: 12 Wirriga Avenue, CHARMHAVEN, NSW
  description: Shed
  info_url: https://eservices.centralcoast.nsw.gov.au/ePathway/Production/Web/GeneralEnquiry/EnquiryLists.aspx?ModuleCode=LAP
  date_scraped: '2019-05-15'
  date_received: '2021-04-18'
- council_reference: DA/387/2021
  address: 98 Buff Point Avenue, BUFF POINT, NSW
  description: |-
    Demolition of existing structures and new dwelling
    (Proposed 98A Buff Point Avenue)
  info_url: https://eservices.centralcoast.nsw.gov.au/ePathway/Production/Web/GeneralEnquiry/EnquiryLists.aspx?ModuleCode=LAP
  date_scraped: '2019-05-15'
  date_received: '2021-04-06'
- council_reference: DA/394/2021
  address: 131 Eastern Road, BATEAU BAY, NSW
  description: Front fence, deck & roof
  info_url: https://eservices.centralcoast.nsw.gov.au/ePathway/Production/Web/GeneralEnquiry/EnquiryLists.aspx?ModuleCode=LAP
  date_scraped: '2019-05-15'
  date_received: '2021-04-20'
- council_reference: DA/397/2021
  address: 130 Torrellia Way, BERKELEY VALE, NSW
  description: Dwelling
  info_url: https://eservices.centralcoast.nsw.gov.au/ePathway/Production/Web/GeneralEnquiry/EnquiryLists.aspx?ModuleCode=LAP
  date_scraped: '2019-05-15'
  date_received: '2021-04-15'
- council_reference: DA/403/2021
  address: 8 Gilbert Street, LONG JETTY, NSW
  description: Detached Dual Occupancy, Subdivision & Demolition of Existing Structures
  info_url: https://eservices.centralcoast.nsw.gov.au/ePathway/Production/Web/GeneralEnquiry/EnquiryLists.aspx?ModuleCode=LAP
  date_scraped: '2019-05-15'
  date_received: '2021-05-07'
- council_reference: DA/404/2021
  address: 3 McLean Street, KILLARNEY VALE, NSW
  description: Alterations & additions
  info_url: https://eservices.centralcoast.nsw.gov.au/ePathway/Production/Web/GeneralEnquiry/EnquiryLists.aspx?ModuleCode=LAP
  date_scraped: '2019-05-15'
  date_received: '2021-04-15'
- council_reference: DA/409/2021
  address: 14 Burindi Street, GWANDALAN, NSW
  description: Dwelling
  info_url: https://eservices.centralcoast.nsw.gov.au/ePathway/Production/Web/GeneralEnquiry/EnquiryLists.aspx?ModuleCode=LAP
  date_scraped: '2019-05-15'
  date_received: '2021-04-15'
- council_reference: DA/418/2021
  address: 37 Woodland Parkway, BUFF POINT, NSW
  description: Dwelling
  info_url: https://eservices.centralcoast.nsw.gov.au/ePathway/Production/Web/GeneralEnquiry/EnquiryLists.aspx?ModuleCode=LAP
  date_scraped: '2019-05-15'
  date_received: '2021-04-23'
- council_reference: DA/423/2021
  address: 22 Harwood Close, MANNERING PARK, NSW
  description: Alterations, additions & swimming pool
  info_url: https://eservices.centralcoast.nsw.gov.au/ePathway/Production/Web/GeneralEnquiry/EnquiryLists.aspx?ModuleCode=LAP
  date_scraped: '2019-05-15'
  date_received: '2021-04-22'
- council_reference: DA/424/2021
  address: 122 Stella Street, TOOWOON BAY, NSW
  description: Dwelling, pool house and demolition of existing
  info_url: https://eservices.centralcoast.nsw.gov.au/ePathway/Production/Web/GeneralEnquiry/EnquiryLists.aspx?ModuleCode=LAP
  date_scraped: '2019-05-15'
  date_received: '2021-04-22'
- council_reference: DA/425/2021
  address: 7 Melaleuca Street, KILLARNEY VALE, NSW
  description: Dwelling
  info_url: https://eservices.centralcoast.nsw.gov.au/ePathway/Production/Web/GeneralEnquiry/EnquiryLists.aspx?ModuleCode=LAP
  date_scraped: '2019-05-15'
  date_received: '2021-04-23'
- council_reference: DA/431/2021
  address: 47 Soldiers Point Drive, NORAH HEAD, NSW
  description: Alterations & additions
  info_url: https://eservices.centralcoast.nsw.gov.au/ePathway/Production/Web/GeneralEnquiry/EnquiryLists.aspx?ModuleCode=LAP
  date_scraped: '2019-05-15'
  date_received: '2021-04-23'
- council_reference: DA/432/2021
  address: 14A Grandview Street, SHELLY BEACH, NSW
  description: Alterations & additions
  info_url: https://eservices.centralcoast.nsw.gov.au/ePathway/Production/Web/GeneralEnquiry/EnquiryLists.aspx?ModuleCode=LAP
  date_scraped: '2019-05-15'
  date_received: '2021-04-24'
- council_reference: DA/433/2021
  address: 14 Bungary Road, NORAH HEAD, NSW
  description: Garage, pergola, carport & inground pool
  info_url: https://eservices.centralcoast.nsw.gov.au/ePathway/Production/Web/GeneralEnquiry/EnquiryLists.aspx?ModuleCode=LAP
  date_scraped: '2019-05-15'
  date_received: '2021-04-27'
- council_reference: DA/437/2021
  address: 157-179 Minnesota Road, HAMLYN TERRACE, NSW
  description: Circus 21st June - 11 July 2021
  info_url: https://eservices.centralcoast.nsw.gov.au/ePathway/Production/Web/GeneralEnquiry/EnquiryLists.aspx?ModuleCode=LAP
  date_scraped: '2019-05-15'
  date_received: '2021-04-29'
- council_reference: DA/439/2021
  address: 60 Berne Street, BATEAU BAY, NSW
  description: Alterations, additons & garage
  info_url: https://eservices.centralcoast.nsw.gov.au/ePathway/Production/Web/GeneralEnquiry/EnquiryLists.aspx?ModuleCode=LAP
  date_scraped: '2019-05-15'
  date_received: '2021-04-26'
- council_reference: DA/440/2021
  address: 91 Moala Parade, CHARMHAVEN, NSW
  description: Shed
  info_url: https://eservices.centralcoast.nsw.gov.au/ePathway/Production/Web/GeneralEnquiry/EnquiryLists.aspx?ModuleCode=LAP
  date_scraped: '2019-05-15'
  date_received: '2021-04-26'
- council_reference: DA/441/2021
  address: 14 Geoffrey Road, CHITTAWAY POINT, NSW
  description: Alterations & additions
  info_url: https://eservices.centralcoast.nsw.gov.au/ePathway/Production/Web/GeneralEnquiry/EnquiryLists.aspx?ModuleCode=LAP
  date_scraped: '2019-05-15'
  date_received: '2021-04-21'
- council_reference: DA/442/2021
  address: 133 Ocean Parade, BLUE BAY, NSW
  description: Alterations, additions, carport & fence
  info_url: https://eservices.centralcoast.nsw.gov.au/ePathway/Production/Web/GeneralEnquiry/EnquiryLists.aspx?ModuleCode=LAP
  date_scraped: '2019-05-15'
  date_received: '2021-04-23'
- council_reference: DA/445/2021
  address: 3 Toona Way, GLENNING VALLEY, NSW
  description: Alterations, additions & inground pool
  info_url: https://eservices.centralcoast.nsw.gov.au/ePathway/Production/Web/GeneralEnquiry/EnquiryLists.aspx?ModuleCode=LAP
  date_scraped: '2019-05-15'
  date_received: '2021-04-30'
- council_reference: DA/449/2021
  address: 62 Leumeah Avenue, CHAIN VALLEY BAY, NSW
  description: Conversion of existing structure to Secondary Dwelling
  info_url: https://eservices.centralcoast.nsw.gov.au/ePathway/Production/Web/GeneralEnquiry/EnquiryLists.aspx?ModuleCode=LAP
  date_scraped: '2019-05-15'
  date_received: '2021-05-04'
- council_reference: DA/450/2021
  address: 45 Natuna Avenue, BUDGEWOI, NSW
  description: Alterations & additions
  info_url: https://eservices.centralcoast.nsw.gov.au/ePathway/Production/Web/GeneralEnquiry/EnquiryLists.aspx?ModuleCode=LAP
  date_scraped: '2019-05-15'
  date_received: '2021-05-04'
- council_reference: DA/451/2021
  address: 120 Gamban Road, GWANDALAN, NSW
  description: Inground pool
  info_url: https://eservices.centralcoast.nsw.gov.au/ePathway/Production/Web/GeneralEnquiry/EnquiryLists.aspx?ModuleCode=LAP
  date_scraped: '2019-05-15'
  date_received: '2021-04-30'
- council_reference: DA/466/2021
  address: 15 Grasslands Close, JILLIBY, NSW
  description: Shed
  info_url: https://eservices.centralcoast.nsw.gov.au/ePathway/Production/Web/GeneralEnquiry/EnquiryLists.aspx?ModuleCode=LAP
  date_scraped: '2019-05-15'
  date_received: '2021-04-30'
- council_reference: DA/470/2021
  address: 60 Fairwater Drive, GWANDALAN, NSW
  description: Dwelling, secondary dwelling & retaining walls
  info_url: https://eservices.centralcoast.nsw.gov.au/ePathway/Production/Web/GeneralEnquiry/EnquiryLists.aspx?ModuleCode=LAP
  date_scraped: '2019-05-15'
  date_received: '2021-04-30'
- council_reference: DA/477/2021
  address: 8 Munmorah Avenue, CHARMHAVEN, NSW
  description: Shed
  info_url: https://eservices.centralcoast.nsw.gov.au/ePathway/Production/Web/GeneralEnquiry/EnquiryLists.aspx?ModuleCode=LAP
  date_scraped: '2019-05-15'
  date_received: '2021-05-07'
- council_reference: DA/478/2021
  address: 2 Rhodin Drive, LONG JETTY, NSW
  description: Demolition of existing, new dwelling & inground pool
  info_url: https://eservices.centralcoast.nsw.gov.au/ePathway/Production/Web/GeneralEnquiry/EnquiryLists.aspx?ModuleCode=LAP
  date_scraped: '2019-05-15'
  date_received: '2021-05-11'
- council_reference: DA/481/2021
  address: 47 Watanobbi Road, WATANOBBI, NSW
  description: Dwelling
  info_url: https://eservices.centralcoast.nsw.gov.au/ePathway/Production/Web/GeneralEnquiry/EnquiryLists.aspx?ModuleCode=LAP
  date_scraped: '2019-05-15'
  date_received: '2021-05-10'
- council_reference: DA/483/2021
  address: 14 Hilltop Street, BATEAU BAY, NSW
  description: Demolish existing secondary dwelling, construct new secondary dwelling
  info_url: https://eservices.centralcoast.nsw.gov.au/ePathway/Production/Web/GeneralEnquiry/EnquiryLists.aspx?ModuleCode=LAP
  date_scraped: '2019-05-15'
  date_received: '2021-05-14'
- council_reference: DA/724/2018/A
  address: 40 Bush Street, NORAH HEAD, NSW
  description: Volunteer Workshop Building including Demolition of Existing Structures
    ( Amended Application)
  info_url: https://eservices.centralcoast.nsw.gov.au/ePathway/Production/Web/GeneralEnquiry/EnquiryLists.aspx?ModuleCode=LAP
  date_scraped: '2019-05-15'
  date_received: '2021-04-05'
- council_reference: DA/735/2019/B
  address: 93 Toowoon Bay Road, TOOWOON BAY, NSW
  description: Dwelling & inground pool (Amended Application)
  info_url: https://eservices.centralcoast.nsw.gov.au/ePathway/Production/Web/GeneralEnquiry/EnquiryLists.aspx?ModuleCode=LAP
  date_scraped: '2019-05-15'
  date_received: '2021-05-03'
- council_reference: DA/917/2020/B
  address: 24 Bondi Road, THE ENTRANCE NORTH, NSW
  description: Dwelling, Garage, Pool House & Swimming Pool (amended application)
  info_url: https://eservices.centralcoast.nsw.gov.au/ePathway/Production/Web/GeneralEnquiry/EnquiryLists.aspx?ModuleCode=LAP
  date_scraped: '2019-05-15'
  date_received: '2021-04-09'
- council_reference: DA/930/2020/A
  address: 31 Stewart Street, THE ENTRANCE NORTH, NSW
  description: Alterations, additions & swimming pool (amended application)
  info_url: https://eservices.centralcoast.nsw.gov.au/ePathway/Production/Web/GeneralEnquiry/EnquiryLists.aspx?ModuleCode=LAP
  date_scraped: '2019-05-15'
  date_received: '2021-04-19'
