---
- council_reference: TPA/24857/B
  address: 34A & 34B Wilson Road GLEN WAVERLEY VIC 3150
  description: Dual occupancy - use and development of land for the purpose of a dual
    occupancy and associated car parking and landscaping
  info_url: https://epathway.monash.vic.gov.au/ePathway/ePTHPROD/Web/GeneralEnquiry/EnquiryLists.aspx?ModuleCode=LAP
  date_scraped: '2019-05-15'
  date_received: '2021-07-14'
- council_reference: TPA/29797/A
  address: ", VIC"
  description: |-
    Retrospective application for:
    1. Building and works (installation of an evaporative cooling system).
    2. Use of the premises for a printing business operating 24 hours.
  info_url: https://epathway.monash.vic.gov.au/ePathway/ePTHPROD/Web/GeneralEnquiry/EnquiryLists.aspx?ModuleCode=LAP
  date_scraped: '2019-05-15'
  date_received: '2021-08-18'
- council_reference: TPA/35758/A
  address: ", VIC"
  description: the construction of 10 double storey dwellings and two single storey
    dwellings
  info_url: https://epathway.monash.vic.gov.au/ePathway/ePTHPROD/Web/GeneralEnquiry/EnquiryLists.aspx?ModuleCode=LAP
  date_scraped: '2019-05-15'
  date_received: '2021-07-29'
- council_reference: TPA/40235/A
  address: ", VIC"
  description: development of two double storey dwelling on a lot
  info_url: https://epathway.monash.vic.gov.au/ePathway/ePTHPROD/Web/GeneralEnquiry/EnquiryLists.aspx?ModuleCode=LAP
  date_scraped: '2019-05-15'
  date_received: '2021-08-13'
- council_reference: TPA/45900/A
  address: ", VIC"
  description: Construction of three (3) double storey dwellings
  info_url: https://epathway.monash.vic.gov.au/ePathway/ePTHPROD/Web/GeneralEnquiry/EnquiryLists.aspx?ModuleCode=LAP
  date_scraped: '2019-05-15'
  date_received: '2021-07-08'
- council_reference: TPA/48440/A
  address: ", VIC"
  description: Construction of two (2) double storey dwellings on a lot
  info_url: https://epathway.monash.vic.gov.au/ePathway/ePTHPROD/Web/GeneralEnquiry/EnquiryLists.aspx?ModuleCode=LAP
  date_scraped: '2019-05-15'
  date_received: '2021-10-21'
- council_reference: TPA/50559/A
  address: ", VIC"
  description: construction of one (1) single storey dwelling on a lot less than 500sqm
  info_url: https://epathway.monash.vic.gov.au/ePathway/ePTHPROD/Web/GeneralEnquiry/EnquiryLists.aspx?ModuleCode=LAP
  date_scraped: '2019-05-15'
  date_received: '2021-09-24'
- council_reference: TPA/50994/B
  address: 12 Barbara Avenue GLEN WAVERLEY VIC 3150
  description: Construction of two (2) double storey dwellings with a basement level
    for Dwelling 1
  info_url: https://epathway.monash.vic.gov.au/ePathway/ePTHPROD/Web/GeneralEnquiry/EnquiryLists.aspx?ModuleCode=LAP
  date_scraped: '2019-05-15'
  date_received: '2021-09-21'
- council_reference: TPA/52027
  address: ", VIC"
  description: Two double storey dwellings and modification to access in a Road Zone
    Category 1
  info_url: https://epathway.monash.vic.gov.au/ePathway/ePTHPROD/Web/GeneralEnquiry/EnquiryLists.aspx?ModuleCode=LAP
  date_scraped: '2019-05-15'
  date_received: '2020-10-15'
- council_reference: TPA/52129/A
  address: ", VIC"
  description: Construction of two dwellings
  info_url: https://epathway.monash.vic.gov.au/ePathway/ePTHPROD/Web/GeneralEnquiry/EnquiryLists.aspx?ModuleCode=LAP
  date_scraped: '2019-05-15'
  date_received: '2021-11-05'
- council_reference: TPA/52240
  address: ", VIC"
  description: construction of a seven (7) storey mixed use building including the
    use of the land for accommodation (serviced apartments) and a reduction in the
    standard car parking requirements
  info_url: https://epathway.monash.vic.gov.au/ePathway/ePTHPROD/Web/GeneralEnquiry/EnquiryLists.aspx?ModuleCode=LAP
  date_scraped: '2019-05-15'
  date_received: '2020-12-22'
- council_reference: TPA/52260
  address: ", VIC"
  description: use of the land for purpose of dwellings and construct and carry out
    works associated with a nine (9) storey residential apartment building containing
    149 apartments
  info_url: https://epathway.monash.vic.gov.au/ePathway/ePTHPROD/Web/GeneralEnquiry/EnquiryLists.aspx?ModuleCode=LAP
  date_scraped: '2019-05-15'
  date_received: '2021-01-05'
- council_reference: TPA/52431/A
  address: ", VIC"
  description: Change of use to a leisure and recreation facility (gymnasium) and
    the display of business identification signs
  info_url: https://epathway.monash.vic.gov.au/ePathway/ePTHPROD/Web/GeneralEnquiry/EnquiryLists.aspx?ModuleCode=LAP
  date_scraped: '2019-05-15'
  date_received: '2021-07-08'
- council_reference: TPA/52545
  address: ", VIC"
  description: Construction of three (3) double storey dwellings
  info_url: https://epathway.monash.vic.gov.au/ePathway/ePTHPROD/Web/GeneralEnquiry/EnquiryLists.aspx?ModuleCode=LAP
  date_scraped: '2019-05-15'
  date_received: '2021-04-15'
- council_reference: TPA/52554
  address: ", VIC"
  description: construct a double storey dwelling on a lot less than 500 square metres
  info_url: https://epathway.monash.vic.gov.au/ePathway/ePTHPROD/Web/GeneralEnquiry/EnquiryLists.aspx?ModuleCode=LAP
  date_scraped: '2019-05-15'
  date_received: '2021-04-20'
- council_reference: TPA/52643
  address: ", VIC"
  description: construction of two (2) dwellings and alteration of access to a Road
    Zone, Category 1
  info_url: https://epathway.monash.vic.gov.au/ePathway/ePTHPROD/Web/GeneralEnquiry/EnquiryLists.aspx?ModuleCode=LAP
  date_scraped: '2019-05-15'
  date_received: '2021-05-14'
- council_reference: TPA/52692
  address: ", VIC"
  description: Construction of three double storey dwellings
  info_url: https://epathway.monash.vic.gov.au/ePathway/ePTHPROD/Web/GeneralEnquiry/EnquiryLists.aspx?ModuleCode=LAP
  date_scraped: '2019-05-15'
  date_received: '2021-05-05'
- council_reference: TPA/52730
  address: ", VIC"
  description: development of two (2) double storey dwellings subject to the Special
    Building Overlay
  info_url: https://epathway.monash.vic.gov.au/ePathway/ePTHPROD/Web/GeneralEnquiry/EnquiryLists.aspx?ModuleCode=LAP
  date_scraped: '2019-05-15'
  date_received: '2021-06-09'
- council_reference: TPA/52746
  address: ", VIC"
  description: Construction of two double storey dwellings on a lot
  info_url: https://epathway.monash.vic.gov.au/ePathway/ePTHPROD/Web/GeneralEnquiry/EnquiryLists.aspx?ModuleCode=LAP
  date_scraped: '2019-05-15'
  date_received: '2021-06-10'
- council_reference: TPA/52770
  address: ", VIC"
  description: buildings and works to construct a building and use of the land for
    a child care centre and a cafe (food and drink premises); construct and carry
    out works within the Land Subject to Inundation Overlay; tree removal within the
    Vegetation Protection Overlay; and removal of native vegetation
  info_url: https://epathway.monash.vic.gov.au/ePathway/ePTHPROD/Web/GeneralEnquiry/EnquiryLists.aspx?ModuleCode=LAP
  date_scraped: '2019-05-15'
  date_received: '2021-06-22'
- council_reference: TPA/52841
  address: ", VIC"
  description: construction of two (2) double storey dwellings
  info_url: https://epathway.monash.vic.gov.au/ePathway/ePTHPROD/Web/GeneralEnquiry/EnquiryLists.aspx?ModuleCode=LAP
  date_scraped: '2019-05-15'
  date_received: '2021-07-07'
- council_reference: TPA/52843
  address: 1758 Dandenong Road & 4 Kumara Place CLAYTON VIC 3168
  description: Construction of an extension to the existing child care centre (including
    demolition of the exiting dwelling, outbuildings and vegetation) comprising a
    two storey building accommodating 24 children, and extended play area including
    deck area (play area) over the existing carpark area.  Reduction in the standard
    car parking requirements.
  info_url: https://epathway.monash.vic.gov.au/ePathway/ePTHPROD/Web/GeneralEnquiry/EnquiryLists.aspx?ModuleCode=LAP
  date_scraped: '2019-05-15'
  date_received: '2021-07-08'
- council_reference: TPA/52864
  address: ", VIC"
  description: Change of use 'place of assembly (elderly activity centre)', associated
    buildings and works and reduction in car parking requirement
  info_url: https://epathway.monash.vic.gov.au/ePathway/ePTHPROD/Web/GeneralEnquiry/EnquiryLists.aspx?ModuleCode=LAP
  date_scraped: '2019-05-15'
  date_received: '2021-07-08'
- council_reference: TPA/52868
  address: ", VIC"
  description: Construction of a double storey dwelling at the rear of the existing
    dwelling
  info_url: https://epathway.monash.vic.gov.au/ePathway/ePTHPROD/Web/GeneralEnquiry/EnquiryLists.aspx?ModuleCode=LAP
  date_scraped: '2019-05-15'
  date_received: '2021-07-15'
- council_reference: TPA/52886
  address: 671-675 Waverley Road GLEN WAVERLEY VIC 3150
  description: Buildings and works associated with the use of the land as a child
    care centre (148 children) and display of business identification signage
  info_url: https://epathway.monash.vic.gov.au/ePathway/ePTHPROD/Web/GeneralEnquiry/EnquiryLists.aspx?ModuleCode=LAP
  date_scraped: '2019-05-15'
  date_received: '2021-07-20'
- council_reference: TPA/52903
  address: ", VIC"
  description: Construction of two (2) double storey dwellings and two new crossovers.
  info_url: https://epathway.monash.vic.gov.au/ePathway/ePTHPROD/Web/GeneralEnquiry/EnquiryLists.aspx?ModuleCode=LAP
  date_scraped: '2019-05-15'
  date_received: '2021-07-26'
- council_reference: TPA/52906
  address: 596 High Street Road GLEN WAVERLEY VIC 3150
  description: construction of 5 double storey dwellings and alteration of access
    to a Road Zone Category 1
  info_url: https://epathway.monash.vic.gov.au/ePathway/ePTHPROD/Web/GeneralEnquiry/EnquiryLists.aspx?ModuleCode=LAP
  date_scraped: '2019-05-15'
  date_received: '2021-07-27'
- council_reference: TPA/52908
  address: ", VIC"
  description: Construction of two (2) double-storey dwellings on a lot
  info_url: https://epathway.monash.vic.gov.au/ePathway/ePTHPROD/Web/GeneralEnquiry/EnquiryLists.aspx?ModuleCode=LAP
  date_scraped: '2019-05-15'
  date_received: '2021-07-27'
- council_reference: TPA/52951
  address: 1&2/5 Montrose Street ASHWOOD VIC 3147
  description: Construction of two dwellings (three storey including basement garages)
    in side by side configuration
  info_url: https://epathway.monash.vic.gov.au/ePathway/ePTHPROD/Web/GeneralEnquiry/EnquiryLists.aspx?ModuleCode=LAP
  date_scraped: '2019-05-15'
  date_received: '2021-08-06'
- council_reference: TPA/52960
  address: ", VIC"
  description: Construction of two dwellings on a lot
  info_url: https://epathway.monash.vic.gov.au/ePathway/ePTHPROD/Web/GeneralEnquiry/EnquiryLists.aspx?ModuleCode=LAP
  date_scraped: '2019-05-15'
  date_received: '2021-08-10'
- council_reference: TPA/52962
  address: ", VIC"
  description: Construction of four (4) triple-storey dwellings
  info_url: https://epathway.monash.vic.gov.au/ePathway/ePTHPROD/Web/GeneralEnquiry/EnquiryLists.aspx?ModuleCode=LAP
  date_scraped: '2019-05-15'
  date_received: '2021-08-11'
- council_reference: TPA/52976
  address: ", VIC"
  description: Home Based Business varying number of persons working who do not live
    in the property.
  info_url: https://epathway.monash.vic.gov.au/ePathway/ePTHPROD/Web/GeneralEnquiry/EnquiryLists.aspx?ModuleCode=LAP
  date_scraped: '2019-05-15'
  date_received: '2021-08-13'
- council_reference: TPA/52984
  address: ", VIC"
  description: Addition and alteration to the existing dwelling on a lot less than
    500 square metres
  info_url: https://epathway.monash.vic.gov.au/ePathway/ePTHPROD/Web/GeneralEnquiry/EnquiryLists.aspx?ModuleCode=LAP
  date_scraped: '2019-05-15'
  date_received: '2021-08-16'
- council_reference: TPA/52994
  address: ", VIC"
  description: construct one double-storey dwelling on a lot less than 500 square
    metres
  info_url: https://epathway.monash.vic.gov.au/ePathway/ePTHPROD/Web/GeneralEnquiry/EnquiryLists.aspx?ModuleCode=LAP
  date_scraped: '2019-05-15'
  date_received: '2021-08-16'
- council_reference: TPA/53000
  address: ", VIC"
  description: construction of two (2) double-storey dwellings & two (2) triple-storey
    dwellings and alteration of access to a road zone category 1
  info_url: https://epathway.monash.vic.gov.au/ePathway/ePTHPROD/Web/GeneralEnquiry/EnquiryLists.aspx?ModuleCode=LAP
  date_scraped: '2019-05-15'
  date_received: '2021-08-16'
- council_reference: TPA/53001
  address: ", VIC"
  description: construction of two (2) double storey dwellings and removal of canopy
    trees within the Vegetation Protection Overlay
  info_url: https://epathway.monash.vic.gov.au/ePathway/ePTHPROD/Web/GeneralEnquiry/EnquiryLists.aspx?ModuleCode=LAP
  date_scraped: '2019-05-15'
  date_received: '2021-08-16'
- council_reference: TPA/53003
  address: ", VIC"
  description: construct two double story dwellings
  info_url: https://epathway.monash.vic.gov.au/ePathway/ePTHPROD/Web/GeneralEnquiry/EnquiryLists.aspx?ModuleCode=LAP
  date_scraped: '2019-05-15'
  date_received: '2021-08-20'
- council_reference: TPA/53028
  address: ", VIC"
  description: convert part of the existing warehouse to office and reduction to the
    car parking requirements under Clause 52.06
  info_url: https://epathway.monash.vic.gov.au/ePathway/ePTHPROD/Web/GeneralEnquiry/EnquiryLists.aspx?ModuleCode=LAP
  date_scraped: '2019-05-15'
  date_received: '2021-08-25'
- council_reference: TPA/53063
  address: ", VIC"
  description: Construction of five (5) dwellings on a lot
  info_url: https://epathway.monash.vic.gov.au/ePathway/ePTHPROD/Web/GeneralEnquiry/EnquiryLists.aspx?ModuleCode=LAP
  date_scraped: '2019-05-15'
  date_received: '2021-09-03'
- council_reference: TPA/53072
  address: ", VIC"
  description: Sale and consumption of liqour associated with the existing use of
    the land as a food and drink premises
  info_url: https://epathway.monash.vic.gov.au/ePathway/ePTHPROD/Web/GeneralEnquiry/EnquiryLists.aspx?ModuleCode=LAP
  date_scraped: '2019-05-15'
  date_received: '2021-09-06'
- council_reference: TPA/53090
  address: ", VIC"
  description: The sale and consumption of liquor associates with the existing restaurant
    (restaurant/cafe liquor licence)
  info_url: https://epathway.monash.vic.gov.au/ePathway/ePTHPROD/Web/GeneralEnquiry/EnquiryLists.aspx?ModuleCode=LAP
  date_scraped: '2019-05-15'
  date_received: '2021-09-08'
- council_reference: TPA/53099
  address: ", VIC"
  description: Construction of two (2) double storey dwellings and a front fence
  info_url: https://epathway.monash.vic.gov.au/ePathway/ePTHPROD/Web/GeneralEnquiry/EnquiryLists.aspx?ModuleCode=LAP
  date_scraped: '2019-05-15'
  date_received: '2021-09-07'
- council_reference: TPA/53102
  address: ", VIC"
  description: construction of one (1) double storey dwelling on a lot less than 500sqm
  info_url: https://epathway.monash.vic.gov.au/ePathway/ePTHPROD/Web/GeneralEnquiry/EnquiryLists.aspx?ModuleCode=LAP
  date_scraped: '2019-05-15'
  date_received: '2021-09-09'
- council_reference: TPA/53135
  address: ", VIC"
  description: construct a single storey addition to an existing dwelling on a lot
    between 300 and 500 square metres
  info_url: https://epathway.monash.vic.gov.au/ePathway/ePTHPROD/Web/GeneralEnquiry/EnquiryLists.aspx?ModuleCode=LAP
  date_scraped: '2019-05-15'
  date_received: '2021-09-17'
- council_reference: TPA/53176
  address: 1-9 Allen Street & 777-781 Warrigal Road OAKLEIGH VIC 3166
  description: Use and development of a retirement village with ancillary food and
    drinks premises, alteration of access to a road in a Road Zone Category 1, business
    identification signage, and reduction to the car parking requirement for the food
    and drinks premises
  info_url: https://epathway.monash.vic.gov.au/ePathway/ePTHPROD/Web/GeneralEnquiry/EnquiryLists.aspx?ModuleCode=LAP
  date_scraped: '2019-05-15'
  date_received: '2021-09-29'
- council_reference: TPA/53179
  address: ", VIC"
  description: use and development of the land for preloading of earth and construction
    of buildings and works (temporary landfill gas venting trench) and alteration
    of access to a Road Zone, Category 1
  info_url: https://epathway.monash.vic.gov.au/ePathway/ePTHPROD/Web/GeneralEnquiry/EnquiryLists.aspx?ModuleCode=LAP
  date_scraped: '2019-05-15'
  date_received: '2021-10-01'
- council_reference: TPA/53180
  address: ", VIC"
  description: Extension to the existing dwelling on a lot less than 500 square metres.
  info_url: https://epathway.monash.vic.gov.au/ePathway/ePTHPROD/Web/GeneralEnquiry/EnquiryLists.aspx?ModuleCode=LAP
  date_scraped: '2019-05-15'
  date_received: '2021-10-01'
- council_reference: TPA/53186
  address: ", VIC"
  description: light weight verandah over existing decking
  info_url: https://epathway.monash.vic.gov.au/ePathway/ePTHPROD/Web/GeneralEnquiry/EnquiryLists.aspx?ModuleCode=LAP
  date_scraped: '2019-05-15'
  date_received: '2021-10-04'
- council_reference: TPA/53214
  address: ", VIC"
  description: Construction of two (2) double storey dwellings
  info_url: https://epathway.monash.vic.gov.au/ePathway/ePTHPROD/Web/GeneralEnquiry/EnquiryLists.aspx?ModuleCode=LAP
  date_scraped: '2019-05-15'
  date_received: '2021-10-12'
- council_reference: TPA/53216
  address: ", VIC"
  description: Alterations to existing dwelling and construction of a double storey
    dwelling at the rear of the lot and alteration of access to a road zone category
    1
  info_url: https://epathway.monash.vic.gov.au/ePathway/ePTHPROD/Web/GeneralEnquiry/EnquiryLists.aspx?ModuleCode=LAP
  date_scraped: '2019-05-15'
  date_received: '2021-10-12'
- council_reference: TPA/53254
  address: ", VIC"
  description: Liquor licence in association with continued use as a food and drink
    premises.  Licence hours proposed Mon-Wed 7am - 11pm, Thu-Sat 7am - 1am, Sunday
    10am -11pm
  info_url: https://epathway.monash.vic.gov.au/ePathway/ePTHPROD/Web/GeneralEnquiry/EnquiryLists.aspx?ModuleCode=LAP
  date_scraped: '2019-05-15'
  date_received: '2021-10-25'
- council_reference: TPA/53258
  address: ", VIC"
  description: To allow a food truck to be kept on the site on a permanent basis
  info_url: https://epathway.monash.vic.gov.au/ePathway/ePTHPROD/Web/GeneralEnquiry/EnquiryLists.aspx?ModuleCode=LAP
  date_scraped: '2019-05-15'
  date_received: '2021-10-25'
- council_reference: TPA/53275
  address: ", VIC"
  description: Construction of two double storey dwellings
  info_url: https://epathway.monash.vic.gov.au/ePathway/ePTHPROD/Web/GeneralEnquiry/EnquiryLists.aspx?ModuleCode=LAP
  date_scraped: '2019-05-15'
  date_received: '2021-11-01'
- council_reference: TPA/53288
  address: ", VIC"
  description: Proposed colourbond steel veranda attached to the rear of dwelling
  info_url: https://epathway.monash.vic.gov.au/ePathway/ePTHPROD/Web/GeneralEnquiry/EnquiryLists.aspx?ModuleCode=LAP
  date_scraped: '2019-05-15'
  date_received: '2021-11-04'
- council_reference: TPA/53343
  address: ", VIC"
  description: Development of one (1) double storey dwelling
  info_url: https://epathway.monash.vic.gov.au/ePathway/ePTHPROD/Web/GeneralEnquiry/EnquiryLists.aspx?ModuleCode=LAP
  date_scraped: '2019-05-15'
  date_received: '2021-11-18'
